// Jest Snapshot v1, https://goo.gl/fbAQLP

exports[`<Title /> should render correctly with all props 1`] = `
<h1
  className="text-h2 mb-20 text-5xl font-semibold underline underline-offset-8 md:text-8xl"
>
  Test title
</h1>
`;

exports[`<Title /> should render nothing if title is not provided 1`] = `null`;
