// Jest Snapshot v1, https://goo.gl/fbAQLP

exports[`<Badge /> should render correctly 1`] = `
<div
  className="text-x m-2 w-max rounded-lg bg-accent-secondary px-4 py-0.5 text-dark-text"
>
  Test Tag
</div>
`;
